<?xml version="1.0" encoding="utf-8"?><testsuites><testsuite name="pytest" errors="0" failures="0" skipped="0" tests="84" time="0.845" timestamp="2025-11-26T01:42:38.393114" hostname="vilina4ka-osx"><testcase classname="tests.test_api_integration" name="test_register_user" time="0.013" /><testcase classname="tests.test_api_integration" name="test_login_success" time="0.005" /><testcase classname="tests.test_api_integration" name="test_login_wrong_password" time="0.002" /><testcase classname="tests.test_api_integration" name="test_create_post_authenticated" time="0.007" /><testcase classname="tests.test_api_integration" name="test_create_post_unauthenticated" time="0.003" /><testcase classname="tests.test_api_integration" name="test_get_user_posts" time="0.009" /><testcase classname="tests.test_api_integration" name="test_get_post_by_id" time="0.010" /><testcase classname="tests.test_api_integration" name="test_update_own_post" time="0.009" /><testcase classname="tests.test_api_integration" name="test_update_other_user_post" time="0.014" /><testcase classname="tests.test_api_integration" name="test_delete_own_post" time="0.011" /><testcase classname="tests.test_api_integration" name="test_get_public_posts" time="0.009" /><testcase classname="tests.test_api_integration" name="test_health_check" time="0.002" /><testcase classname="tests.test_errors" name="test_not_found_item" time="0.002" /><testcase classname="tests.test_errors" name="test_validation_error" time="0.004" /><testcase classname="tests.test_health" name="test_health_ok" time="0.003" /><testcase classname="tests.test_schemas" name="test_normalize_unicode_basic" time="0.000" /><testcase classname="tests.test_schemas" name="test_normalize_unicode_control_chars" time="0.000" /><testcase classname="tests.test_schemas" name="test_user_register_valid" time="0.000" /><testcase classname="tests.test_schemas" name="test_user_register_username_too_short" time="0.001" /><testcase classname="tests.test_schemas" name="test_user_register_username_too_long" time="0.000" /><testcase classname="tests.test_schemas" name="test_user_register_password_too_short" time="0.000" /><testcase classname="tests.test_schemas" name="test_user_register_password_too_long" time="0.000" /><testcase classname="tests.test_schemas" name="test_item_create_valid" time="0.000" /><testcase classname="tests.test_schemas" name="test_item_create_name_empty" time="0.000" /><testcase classname="tests.test_schemas" name="test_item_create_name_too_long" time="0.000" /><testcase classname="tests.test_schemas" name="test_item_create_name_normalized" time="0.000" /><testcase classname="tests.test_schemas" name="test_post_create_valid" time="0.000" /><testcase classname="tests.test_schemas" name="test_post_create_title_too_long" time="0.000" /><testcase classname="tests.test_schemas" name="test_post_create_body_too_long" time="0.000" /><testcase classname="tests.test_schemas" name="test_post_create_invalid_status" time="0.000" /><testcase classname="tests.test_schemas" name="test_post_update_partial" time="0.000" /><testcase classname="tests.test_schemas" name="test_validate_tag_valid" time="0.000" /><testcase classname="tests.test_schemas" name="test_validate_tag_invalid" time="0.001" /><testcase classname="tests.test_secure_coding" name="test_health_endpoint" time="0.003" /><testcase classname="tests.test_secure_coding" name="test_rfc7807_validation_error" time="0.003" /><testcase classname="tests.test_secure_coding" name="test_long_title_returns_422" time="0.003" /><testcase classname="tests.test_secure_coding" name="test_long_body_returns_422" time="0.003" /><testcase classname="tests.test_secure_coding" name="test_empty_post_fields" time="0.003" /><testcase classname="tests.test_secure_coding" name="test_invalid_post_status" time="0.002" /><testcase classname="tests.test_secure_coding" name="test_path_traversal_attack" time="0.004" /><testcase classname="tests.test_secure_coding" name="test_symlink_attack" time="0.001" /><testcase classname="tests.test_secure_coding" name="test_file_too_big" time="0.002" /><testcase classname="tests.test_secure_coding" name="test_invalid_file_type" time="0.001" /><testcase classname="tests.test_secure_coding" name="test_pii_masking" time="0.000" /><testcase classname="tests.test_secure_coding" name="test_correlation_id_present" time="0.003" /><testcase classname="tests.test_secure_coding" name="test_unicode_normalization" time="0.003" /><testcase classname="tests.test_secure_coding" name="test_control_characters_stripped" time="0.003" /><testcase classname="tests.test_secure_coding" name="test_internal_error_masking" time="0.000" /><testcase classname="tests.test_secure_coding" name="test_validation_error_format" time="0.003" /><testcase classname="tests.test_secure_coding" name="test_sniff_image_type_edge_cases" time="0.000" /><testcase classname="tests.test_secure_controls" name="test_rate_limit_ip_exceeded" time="0.015" /><testcase classname="tests.test_secure_controls" name="test_rate_limit_account_exceeded" time="0.045" /><testcase classname="tests.test_secure_controls" name="test_integer_overflow_id_negative" time="0.002" /><testcase classname="tests.test_secure_controls" name="test_integer_overflow_id_too_large" time="0.002" /><testcase classname="tests.test_secure_controls" name="test_sql_injection_in_tag" time="0.000" /><testcase classname="tests.test_secure_controls" name="test_sql_injection_in_tag_filter" time="0.002" /><testcase classname="tests.test_secure_controls" name="test_tag_with_special_characters" time="0.000" /><testcase classname="tests.test_secure_controls" name="test_tag_too_long" time="0.000" /><testcase classname="tests.test_secure_controls" name="test_too_many_tags" time="0.003" /><testcase classname="tests.test_secure_controls" name="test_owner_only_update_unauthorized" time="0.006" /><testcase classname="tests.test_secure_controls" name="test_owner_only_delete_unauthorized" time="0.005" /><testcase classname="tests.test_secure_controls" name="test_invalid_status_filter" time="0.002" /><testcase classname="tests.test_secure_controls" name="test_anonymous_post_creation_blocked" time="0.005" /><testcase classname="tests.test_secure_controls" name="test_authenticated_post_creation_allowed" time="0.003" /><testcase classname="tests.test_secure_controls" name="test_rate_limit_reset_on_success" time="0.011" /><testcase classname="tests.test_secure_controls" name="test_create_access_token_default_expiry" time="0.000" /><testcase classname="tests.test_secure_controls" name="test_create_access_token_custom_expiry" time="0.000" /><testcase classname="tests.test_secure_controls" name="test_verify_token_valid" time="0.000" /><testcase classname="tests.test_secure_controls" name="test_verify_token_expired" time="0.000" /><testcase classname="tests.test_secure_controls" name="test_verify_token_invalid" time="0.000" /><testcase classname="tests.test_secure_controls" name="test_get_current_user_valid_token" time="0.000" /><testcase classname="tests.test_secure_controls" name="test_get_current_user_invalid_token" time="0.000" /><testcase classname="tests.test_secure_upload" name="test_sniff_image_type_ok_png" time="0.000" /><testcase classname="tests.test_secure_upload" name="test_sniff_image_type_ok_jpeg" time="0.000" /><testcase classname="tests.test_secure_upload" name="test_sniff_image_type_bad_type" time="0.000" /><testcase classname="tests.test_secure_upload" name="test_sniff_image_type_empty" time="0.000" /><testcase classname="tests.test_secure_upload" name="test_sniff_image_type_incomplete_jpeg" time="0.000" /><testcase classname="tests.test_secure_upload" name="test_secure_save_too_big" time="0.001" /><testcase classname="tests.test_secure_upload" name="test_secure_save_ok" time="0.001" /><testcase classname="tests.test_secure_upload" name="test_secure_save_jpeg" time="0.001" /><testcase classname="tests.test_secure_upload" name="test_secure_save_invalid_type" time="0.000" /><testcase classname="tests.test_secure_upload" name="test_secure_save_nonexistent_dir" time="0.000" /><testcase classname="tests.test_secure_upload" name="test_secure_save_file_as_base_dir" time="0.001" /><testcase classname="tests.test_secure_upload" name="test_secure_save_generates_unique_names" time="0.001" /></testsuite></testsuites>
